I'm sorry, but errors were detected in your script. Please correct the
errors listed below, and try again.


File "game/options.rpy", line 65: expected statement.
    <<<<<<< HEAD
                ^

File "game/options.rpy", line 67: expected statement.
    =======
          ^

File "game/options.rpy", line 69: expected statement.
    >>>>>>> main
                ^

Ren'Py Version: Ren'Py 8.2.0.24012702
Sun Feb 18 19:36:43 2024
